// Jest Snapshot v1, https://goo.gl/fbAQLP

exports[`<Nodes /> should match snapshot 1`] = `
<DocumentFragment>
  <div
    class="MuiBox-root MuiBox-root-1"
  >
    <h1
      class="MuiTypography-root MuiTypography-h4"
    >
      <strong
        style="color: rgb(0, 0, 0);"
      >
        Nodes
      </strong>
    </h1>
    <div
      class="MuiPaper-root MuiAccordion-root makeStyles-root-2 MuiAccordion-rounded MuiPaper-elevation3 MuiPaper-rounded"
    >
      <div
        aria-disabled="false"
        aria-expanded="false"
        class="MuiButtonBase-root MuiAccordionSummary-root makeStyles-summary-3"
        role="button"
        tabindex="0"
      >
        <div
          class="MuiAccordionSummary-content makeStyles-content-6"
        >
          <div
            class="MuiBox-root MuiBox-root-11 makeStyles-summaryContent-4"
          >
            <div
              class="MuiBox-root MuiBox-root-12"
            >
              <h5
                class="MuiTypography-root makeStyles-heading-8 MuiTypography-h5"
              >
                Node 1
              </h5>
              <h6
                class="MuiTypography-root makeStyles-secondaryHeading-9 MuiTypography-subtitle1"
              >
                https://thawing-springs-53971.herokuapp.com
              </h6>
            </div>
            <div
              class="MuiBox-root MuiBox-root-17"
            >
              <span
                class="makeStyles-dot-13 makeStyles-dot-15"
              />
              <span
                class="makeStyles-text-14 makeStyles-text-16"
              >
                OFFLINE
              </span>
            </div>
          </div>
        </div>
        <div
          aria-disabled="false"
          aria-hidden="true"
          class="MuiButtonBase-root MuiIconButton-root MuiAccordionSummary-expandIcon makeStyles-icon-5 MuiIconButton-edgeEnd"
        >
          <span
            class="MuiIconButton-label"
          >
            <svg
              aria-hidden="true"
              class="MuiSvgIcon-root"
              focusable="false"
              viewBox="0 0 24 24"
            >
              <path
                d="M16.59 8.59L12 13.17 7.41 8.59 6 10l6 6 6-6z"
              />
            </svg>
          </span>
          <span
            class="MuiTouchRipple-root"
          />
        </div>
      </div>
      <div
        class="MuiCollapse-container MuiCollapse-hidden"
        style="min-height: 0px;"
      >
        <div
          class="MuiCollapse-wrapper"
        >
          <div
            class="MuiCollapse-wrapperInner"
          >
            <div
              role="region"
            >
              <div
                class="MuiAccordionDetails-root makeStyles-details-10"
              >
                <div
                  class="MuiBox-root MuiBox-root-19"
                >
                  <span
                    class="MuiTypography-root makeStyles-index-18 MuiTypography-caption"
                  >
                    001
                  </span>
                  <p
                    class="MuiTypography-root MuiTypography-body2"
                  >
                    The Human Torch
                  </p>
                </div>
              </div>
            </div>
          </div>
        </div>
      </div>
    </div>
    <div
      class="MuiPaper-root MuiAccordion-root makeStyles-root-2 MuiAccordion-rounded MuiPaper-elevation3 MuiPaper-rounded"
    >
      <div
        aria-disabled="false"
        aria-expanded="false"
        class="MuiButtonBase-root MuiAccordionSummary-root makeStyles-summary-3"
        role="button"
        tabindex="0"
      >
        <div
          class="MuiAccordionSummary-content makeStyles-content-6"
        >
          <div
            class="MuiBox-root MuiBox-root-20 makeStyles-summaryContent-4"
          >
            <div
              class="MuiBox-root MuiBox-root-21"
            >
              <h5
                class="MuiTypography-root makeStyles-heading-8 MuiTypography-h5"
              >
                Node 2
              </h5>
              <h6
                class="MuiTypography-root makeStyles-secondaryHeading-9 MuiTypography-subtitle1"
              >
                https://secret-lowlands-62331.herokuapp.com
              </h6>
            </div>
            <div
              class="MuiBox-root MuiBox-root-24"
            >
              <span
                class="makeStyles-dot-13 makeStyles-dot-22"
              />
              <span
                class="makeStyles-text-14 makeStyles-text-23"
              >
                OFFLINE
              </span>
            </div>
          </div>
        </div>
        <div
          aria-disabled="false"
          aria-hidden="true"
          class="MuiButtonBase-root MuiIconButton-root MuiAccordionSummary-expandIcon makeStyles-icon-5 MuiIconButton-edgeEnd"
        >
          <span
            class="MuiIconButton-label"
          >
            <svg
              aria-hidden="true"
              class="MuiSvgIcon-root"
              focusable="false"
              viewBox="0 0 24 24"
            >
              <path
                d="M16.59 8.59L12 13.17 7.41 8.59 6 10l6 6 6-6z"
              />
            </svg>
          </span>
          <span
            class="MuiTouchRipple-root"
          />
        </div>
      </div>
      <div
        class="MuiCollapse-container MuiCollapse-hidden"
        style="min-height: 0px;"
      >
        <div
          class="MuiCollapse-wrapper"
        >
          <div
            class="MuiCollapse-wrapperInner"
          >
            <div
              role="region"
            >
              <div
                class="MuiAccordionDetails-root makeStyles-details-10"
              />
            </div>
          </div>
        </div>
      </div>
    </div>
  </div>
</DocumentFragment>
`;
